[12:30:36] - Job 0 - Prioridad 1 - CREADO
[12:30:36] - Job 0 - Prioridad 1 - EN_COLA
[12:30:36] - Job 1 - Prioridad 1 - CREADO
[12:30:36] - Job 1 - Prioridad 1 - EN_COLA
[12:30:36] - Job 2 - Prioridad 1 - CREADO
[12:30:36] - Job 2 - Prioridad 1 - EN_COLA
[12:30:36] - Job 3 - Prioridad 0 - CREADO
[12:30:36] - Job 3 - Prioridad 0 - EN_COLA
[12:30:36] - Job 4 - Prioridad 0 - CREADO
[12:30:36] - Job 4 - Prioridad 0 - EN_COLA
[12:30:36] - Job 5 - Prioridad 1 - CREADO
[12:30:36] - Job 5 - Prioridad 1 - EN_COLA
[12:30:36] - Job 6 - Prioridad 0 - CREADO
[12:30:36] - Job 6 - Prioridad 0 - EN_COLA
[12:30:36] - Job 7 - Prioridad 0 - CREADO
[12:30:37] - Job 7 - Prioridad 0 - EN_COLA
[12:30:37] - Job 8 - Prioridad 0 - CREADO
[12:30:37] - Job 8 - Prioridad 0 - EN_COLA
[12:30:37] - Job 9 - Prioridad 0 - CREADO
[12:30:37] - Job 9 - Prioridad 0 - EN_COLA
[12:30:37] - Job 10 - Prioridad 0 - CREADO
[12:30:37] - Job 10 - Prioridad 0 - EN_COLA
[12:30:37] - Job 11 - Prioridad 1 - CREADO
[12:30:37] - Job 11 - Prioridad 1 - EN_COLA
[12:30:37] - Job 12 - Prioridad 0 - CREADO
[12:30:37] - Job 12 - Prioridad 0 - EN_COLA
[12:30:37] - Job 13 - Prioridad 0 - CREADO
[12:30:37] - Job 13 - Prioridad 0 - EN_COLA
[12:30:37] - Job 14 - Prioridad 1 - CREADO
[12:30:37] - Job 14 - Prioridad 1 - EN_COLA
[12:30:37] - Job 15 - Prioridad 0 - CREADO
[12:30:37] - Job 0 - Prioridad 1 - VRAM_ASIGNADO
[12:30:37] - Job 15 - Prioridad 0 - EN_COLA
[12:30:37] - Job 16 - Prioridad 0 - CREADO
[12:30:38] - Job 16 - Prioridad 0 - EN_COLA
[12:30:38] - Job 17 - Prioridad 0 - CREADO
[12:30:38] - Job 17 - Prioridad 0 - EN_COLA
[12:30:38] - Job 18 - Prioridad 0 - CREADO
[12:30:38] - Job 18 - Prioridad 0 - EN_COLA
[12:30:38] - Job 19 - Prioridad 0 - CREADO
[12:30:38] - Job 19 - Prioridad 0 - EN_COLA
[12:30:38] - Job 20 - Prioridad 1 - CREADO
[12:30:38] - Job 0 - Prioridad 1 - FINALIZADO
[12:30:38] - Job 20 - Prioridad 1 - EN_COLA
[12:30:38] - Job 21 - Prioridad 1 - CREADO
[12:30:38] - Job 21 - Prioridad 1 - EN_COLA
[12:30:38] - Job 22 - Prioridad 0 - CREADO
[12:30:38] - Job 22 - Prioridad 0 - EN_COLA
[12:30:38] - Job 23 - Prioridad 0 - CREADO
[12:30:38] - Job 23 - Prioridad 0 - EN_COLA
[12:30:38] - Job 24 - Prioridad 1 - CREADO
[12:30:38] - Job 24 - Prioridad 1 - EN_COLA
[12:30:38] - Job 25 - Prioridad 0 - CREADO
[12:30:39] - Job 25 - Prioridad 0 - EN_COLA
[12:30:39] - Job 26 - Prioridad 0 - CREADO
[12:30:39] - Job 26 - Prioridad 0 - EN_COLA
[12:30:39] - Job 27 - Prioridad 0 - CREADO
[12:30:39] - Job 27 - Prioridad 0 - EN_COLA
[12:30:39] - Job 28 - Prioridad 0 - CREADO
[12:30:39] - Job 28 - Prioridad 0 - EN_COLA
[12:30:39] - Job 29 - Prioridad 0 - CREADO
[12:30:39] - Job 29 - Prioridad 0 - EN_COLA
[12:30:39] - Job 1 - Prioridad 1 - VRAM_ASIGNADO
[12:30:40] - Job 2 - Prioridad 1 - VRAM_ASIGNADO
[12:30:40] - Job 1 - Prioridad 1 - FINALIZADO
[12:30:40] - Job 5 - Prioridad 1 - VRAM_ASIGNADO
[12:30:41] - Job 2 - Prioridad 1 - FINALIZADO
[12:30:41] - Job 11 - Prioridad 1 - VRAM_ASIGNADO
[12:30:41] - Job 5 - Prioridad 1 - FINALIZADO
[12:30:41] - Job 3 - Prioridad 0 - AGING ACTIVADO
[12:30:41] - Job 14 - Prioridad 1 - VRAM_ASIGNADO
[12:30:41] - Job 11 - Prioridad 1 - FINALIZADO
[12:30:42] - Job 4 - Prioridad 0 - AGING ACTIVADO
[12:30:42] - Job 3 - Prioridad 0 - VRAM_ASIGNADO
[12:30:42] - Job 14 - Prioridad 1 - FINALIZADO
[12:30:42] - Job 6 - Prioridad 0 - AGING ACTIVADO
[12:30:42] - Job 4 - Prioridad 0 - VRAM_ASIGNADO
[12:30:42] - Job 3 - Prioridad 0 - FINALIZADO
[12:30:43] - Job 7 - Prioridad 0 - AGING ACTIVADO
[12:30:43] - Job 6 - Prioridad 0 - VRAM_ASIGNADO
[12:30:43] - Job 4 - Prioridad 0 - FINALIZADO
[12:30:43] - Job 8 - Prioridad 0 - AGING ACTIVADO
[12:30:43] - Job 7 - Prioridad 0 - VRAM_ASIGNADO
[12:30:43] - Job 6 - Prioridad 0 - FINALIZADO
[12:30:43] - Job 9 - Prioridad 0 - AGING ACTIVADO
[12:30:44] - Job 8 - Prioridad 0 - VRAM_ASIGNADO
[12:30:44] - Job 7 - Prioridad 0 - FINALIZADO
[12:30:44] - Job 10 - Prioridad 0 - AGING ACTIVADO
[12:30:44] - Job 9 - Prioridad 0 - VRAM_ASIGNADO
[12:30:44] - Job 8 - Prioridad 0 - FINALIZADO
[12:30:44] - Job 12 - Prioridad 0 - AGING ACTIVADO
[12:30:44] - Job 10 - Prioridad 0 - VRAM_ASIGNADO
[12:30:45] - Job 9 - Prioridad 0 - FINALIZADO
[12:30:45] - Job 13 - Prioridad 0 - AGING ACTIVADO
[12:30:45] - Job 12 - Prioridad 0 - VRAM_ASIGNADO
[12:30:45] - Job 10 - Prioridad 0 - FINALIZADO
[12:30:45] - Job 15 - Prioridad 0 - AGING ACTIVADO
[12:30:45] - Job 13 - Prioridad 0 - VRAM_ASIGNADO
[12:30:46] - Job 12 - Prioridad 0 - FINALIZADO
[12:30:46] - Job 16 - Prioridad 0 - AGING ACTIVADO
[12:30:46] - Job 15 - Prioridad 0 - VRAM_ASIGNADO
[12:30:46] - Job 13 - Prioridad 0 - FINALIZADO
[12:30:46] - Job 17 - Prioridad 0 - AGING ACTIVADO
[12:30:46] - Job 16 - Prioridad 0 - VRAM_ASIGNADO
[12:30:46] - Job 15 - Prioridad 0 - FINALIZADO
[12:30:47] - Job 18 - Prioridad 0 - AGING ACTIVADO
[12:30:47] - Job 17 - Prioridad 0 - VRAM_ASIGNADO
[12:30:47] - Job 16 - Prioridad 0 - FINALIZADO
[12:30:47] - Job 19 - Prioridad 0 - AGING ACTIVADO
[12:30:47] - Job 18 - Prioridad 0 - VRAM_ASIGNADO
[12:30:47] - Job 17 - Prioridad 0 - FINALIZADO
[12:30:48] - Job 22 - Prioridad 0 - AGING ACTIVADO
[12:30:48] - Job 19 - Prioridad 0 - VRAM_ASIGNADO
[12:30:48] - Job 18 - Prioridad 0 - FINALIZADO
[12:30:48] - Job 23 - Prioridad 0 - AGING ACTIVADO
[12:30:48] - Job 22 - Prioridad 0 - VRAM_ASIGNADO
[12:30:48] - Job 19 - Prioridad 0 - FINALIZADO
[12:30:48] - Job 25 - Prioridad 0 - AGING ACTIVADO
[12:30:49] - Job 23 - Prioridad 0 - VRAM_ASIGNADO
[12:30:49] - Job 22 - Prioridad 0 - FINALIZADO
[12:30:49] - Job 26 - Prioridad 0 - AGING ACTIVADO
[12:30:49] - Job 25 - Prioridad 0 - VRAM_ASIGNADO
[12:30:49] - Job 23 - Prioridad 0 - FINALIZADO
[12:30:49] - Job 27 - Prioridad 0 - AGING ACTIVADO
[12:30:49] - Job 26 - Prioridad 0 - VRAM_ASIGNADO
[12:30:50] - Job 25 - Prioridad 0 - FINALIZADO
[12:30:50] - Job 28 - Prioridad 0 - AGING ACTIVADO
[12:30:50] - Job 27 - Prioridad 0 - VRAM_ASIGNADO
[12:30:50] - Job 26 - Prioridad 0 - FINALIZADO
[12:30:50] - Job 29 - Prioridad 0 - AGING ACTIVADO
[12:30:50] - Job 28 - Prioridad 0 - VRAM_ASIGNADO
[12:30:51] - Job 27 - Prioridad 0 - FINALIZADO
[12:30:51] - Job 29 - Prioridad 0 - VRAM_ASIGNADO
[12:30:51] - Job 28 - Prioridad 0 - FINALIZADO
[12:30:51] - Job 20 - Prioridad 1 - VRAM_ASIGNADO
[12:30:51] - Job 29 - Prioridad 0 - FINALIZADO
[12:30:52] - Job 21 - Prioridad 1 - VRAM_ASIGNADO
[12:30:52] - Job 20 - Prioridad 1 - FINALIZADO
[12:30:52] - Job 21 - Prioridad 1 - FINALIZADO
[12:30:53] - Job 24 - Prioridad 1 - VRAM_ASIGNADO
[12:30:53] - Job 24 - Prioridad 1 - FINALIZADO
